// Jest Snapshot v1, https://goo.gl/fbAQLP

exports[`Logo renders Logo snapshot 1`] = `
<DocumentFragment>
  <span
    class="Logo-sc-1jha6qf-0 heMtbf"
  >
    netflix
  </span>
</DocumentFragment>
`;
